#-----------------------------------------------------------
# Vivado v2025.2 (64-bit)
# SW Build 6299465 on Fri Nov 14 19:35:11 GMT 2025
# IP Build 6300035 on Fri Nov 14 10:48:45 MST 2025
# SharedData Build 6298862 on Thu Nov 13 04:50:51 MST 2025
# Start of session at: Mon Feb  9 22:57:57 2026
# Process ID         : 19752
# Current directory  : C:/Data/andro/IEEE/IEEE_Computer Arithmatic/Tasks/Task1/CLA_adder/CLA_adder.runs/impl_1
# Command line       : vivado.exe -log CLA_64_bit.vdi -applog -product Vivado -messageDb vivado.pb -mode batch -source CLA_64_bit.tcl -notrace
# Log file           : C:/Data/andro/IEEE/IEEE_Computer Arithmatic/Tasks/Task1/CLA_adder/CLA_adder.runs/impl_1/CLA_64_bit.vdi
# Journal file       : C:/Data/andro/IEEE/IEEE_Computer Arithmatic/Tasks/Task1/CLA_adder/CLA_adder.runs/impl_1\vivado.jou
# Running On         : Andro
# Platform           : Windows Server 2016 or Windows 10
# Operating System   : 26100
# Processor Detail   : AMD Ryzen 9 8940HX with Radeon Graphics        
# CPU Frequency      : 2395 MHz
# CPU Physical cores : 16
# CPU Logical cores  : 32
# Host memory        : 16340 MB
# Swap memory        : 19327 MB
# Total Virtual      : 35667 MB
# Available Virtual  : 13643 MB
#-----------------------------------------------------------
source CLA_64_bit.tcl -notrace
