Vivado Simulator v2025.2
Copyright 1986-2022 Xilinx, Inc. All Rights Reserved.
Copyright 2022-2025 Advanced Micro Devices, Inc. All Rights Reserved.
Running: C:/AMDDesignTools/2025.2/Vivado/bin/unwrapped/win64.o/xelab.exe --incr --debug typical --relax --mt 2 -L xil_defaultlib -L unisims_ver -L unimacro_ver -L secureip --snapshot CLA_16_bit_behav xil_defaultlib.CLA_16_bit xil_defaultlib.glbl -log elaborate.log 
Using 2 slave threads.
Starting static elaboration
Pass Through NonSizing Optimizer
WARNING: [VRFC 10-3091] actual bit length 4 differs from formal bit length 5 for port 'C' [C:/Data/andro/CA_project/CLA_adder/CLA_adder.srcs/sources_1/new/CLA_16_bit.v:11]
WARNING: [VRFC 10-3091] actual bit length 3 differs from formal bit length 5 for port 'C' [C:/Data/andro/CA_project/CLA_adder/CLA_adder.srcs/sources_1/new/CLA_16_bit.v:12]
WARNING: [VRFC 10-3091] actual bit length 3 differs from formal bit length 5 for port 'C' [C:/Data/andro/CA_project/CLA_adder/CLA_adder.srcs/sources_1/new/CLA_16_bit.v:13]
WARNING: [VRFC 10-3091] actual bit length 3 differs from formal bit length 5 for port 'C' [C:/Data/andro/CA_project/CLA_adder/CLA_adder.srcs/sources_1/new/CLA_16_bit.v:14]
WARNING: [VRFC 10-3091] actual bit length 4 differs from formal bit length 5 for port 'C' [C:/Data/andro/CA_project/CLA_adder/CLA_adder.srcs/sources_1/new/CLA_16_bit.v:15]
Completed static elaboration
Starting simulation data flow analysis
WARNING: [XSIM 43-4099] "C:/Data/andro/CA_project/CLA_adder/CLA_adder.srcs/sources_1/new/CLA_16_bit.v" Line 1. Module CLA_16_bit doesn't have a timescale but at least one module in design has a timescale.
Completed simulation data flow analysis
Time Resolution for simulation is 1ps
Compiling module xil_defaultlib.G_P_generation_unit
Compiling module xil_defaultlib.CLA_network
Compiling module xil_defaultlib.SUM_unit
Compiling module xil_defaultlib.CLA_16_bit
Compiling module xil_defaultlib.glbl
Built simulation snapshot CLA_16_bit_behav
